18:14:50 | INFO | NumExpr defaulting to 2 threads.
18:14:53 | INFO | Loading faiss with AVX512 support.
18:14:53 | INFO | Successfully loaded faiss with AVX512 support.
18:15:05 | INFO | TensorFlow version 2.20.0 available.
18:15:05 | INFO | JAX version 0.7.2 available.
18:15:10 | INFO | Experiment script starting
18:15:10 | INFO | Corpus loaded | texts_before_cap=112165
18:15:10 | INFO | Corpus ready | texts_after_cap=5000 | max_corpus=5000
18:15:10 | INFO | No device provided, using cuda:0
18:15:11 | INFO | HTTP Request: HEAD https://huggingface.co/sentence-transformers/all-MiniLM-L6-v2/resolve/main/modules.json "HTTP/1.1 307 Temporary Redirect"
18:15:11 | WARNING | Warning: You are sending unauthenticated requests to the HF Hub. Please set a HF_TOKEN to enable higher rate limits and faster downloads.
18:15:11 | INFO | HTTP Request: HEAD https://huggingface.co/api/resolve-cache/models/sentence-transformers/all-MiniLM-L6-v2/c9745ed1d9f207416be6d2e6f8de32d1f16199bf/modules.json "HTTP/1.1 200 OK"
18:15:11 | INFO | HTTP Request: GET https://huggingface.co/api/resolve-cache/models/sentence-transformers/all-MiniLM-L6-v2/c9745ed1d9f207416be6d2e6f8de32d1f16199bf/modules.json "HTTP/1.1 200 OK"
18:15:11 | INFO | HTTP Request: HEAD https://huggingface.co/sentence-transformers/all-MiniLM-L6-v2/resolve/main/config_sentence_transformers.json "HTTP/1.1 307 Temporary Redirect"
18:15:11 | INFO | HTTP Request: HEAD https://huggingface.co/api/resolve-cache/models/sentence-transformers/all-MiniLM-L6-v2/c9745ed1d9f207416be6d2e6f8de32d1f16199bf/config_sentence_transformers.json "HTTP/1.1 200 OK"
18:15:11 | INFO | HTTP Request: GET https://huggingface.co/api/resolve-cache/models/sentence-transformers/all-MiniLM-L6-v2/c9745ed1d9f207416be6d2e6f8de32d1f16199bf/config_sentence_transformers.json "HTTP/1.1 200 OK"
18:15:11 | INFO | Loading SentenceTransformer model from sentence-transformers/all-MiniLM-L6-v2.
18:15:11 | INFO | HTTP Request: HEAD https://huggingface.co/sentence-transformers/all-MiniLM-L6-v2/resolve/main/config_sentence_transformers.json "HTTP/1.1 307 Temporary Redirect"
18:15:11 | INFO | HTTP Request: HEAD https://huggingface.co/api/resolve-cache/models/sentence-transformers/all-MiniLM-L6-v2/c9745ed1d9f207416be6d2e6f8de32d1f16199bf/config_sentence_transformers.json "HTTP/1.1 200 OK"
18:15:11 | INFO | HTTP Request: HEAD https://huggingface.co/sentence-transformers/all-MiniLM-L6-v2/resolve/main/README.md "HTTP/1.1 307 Temporary Redirect"
18:15:11 | INFO | HTTP Request: HEAD https://huggingface.co/api/resolve-cache/models/sentence-transformers/all-MiniLM-L6-v2/c9745ed1d9f207416be6d2e6f8de32d1f16199bf/README.md "HTTP/1.1 200 OK"
18:15:11 | INFO | HTTP Request: GET https://huggingface.co/api/resolve-cache/models/sentence-transformers/all-MiniLM-L6-v2/c9745ed1d9f207416be6d2e6f8de32d1f16199bf/README.md "HTTP/1.1 200 OK"
18:15:11 | INFO | HTTP Request: HEAD https://huggingface.co/sentence-transformers/all-MiniLM-L6-v2/resolve/main/modules.json "HTTP/1.1 307 Temporary Redirect"
18:15:11 | INFO | HTTP Request: HEAD https://huggingface.co/api/resolve-cache/models/sentence-transformers/all-MiniLM-L6-v2/c9745ed1d9f207416be6d2e6f8de32d1f16199bf/modules.json "HTTP/1.1 200 OK"
18:15:11 | INFO | HTTP Request: HEAD https://huggingface.co/sentence-transformers/all-MiniLM-L6-v2/resolve/main/sentence_bert_config.json "HTTP/1.1 307 Temporary Redirect"
18:15:11 | INFO | HTTP Request: HEAD https://huggingface.co/api/resolve-cache/models/sentence-transformers/all-MiniLM-L6-v2/c9745ed1d9f207416be6d2e6f8de32d1f16199bf/sentence_bert_config.json "HTTP/1.1 200 OK"
18:15:11 | INFO | HTTP Request: GET https://huggingface.co/api/resolve-cache/models/sentence-transformers/all-MiniLM-L6-v2/c9745ed1d9f207416be6d2e6f8de32d1f16199bf/sentence_bert_config.json "HTTP/1.1 200 OK"
18:15:11 | INFO | HTTP Request: HEAD https://huggingface.co/sentence-transformers/all-MiniLM-L6-v2/resolve/main/adapter_config.json "HTTP/1.1 404 Not Found"
18:15:11 | INFO | HTTP Request: HEAD https://huggingface.co/sentence-transformers/all-MiniLM-L6-v2/resolve/main/config.json "HTTP/1.1 307 Temporary Redirect"
18:15:11 | INFO | HTTP Request: HEAD https://huggingface.co/api/resolve-cache/models/sentence-transformers/all-MiniLM-L6-v2/c9745ed1d9f207416be6d2e6f8de32d1f16199bf/config.json "HTTP/1.1 200 OK"
18:15:11 | INFO | HTTP Request: GET https://huggingface.co/api/resolve-cache/models/sentence-transformers/all-MiniLM-L6-v2/c9745ed1d9f207416be6d2e6f8de32d1f16199bf/config.json "HTTP/1.1 200 OK"
18:15:11 | INFO | HTTP Request: HEAD https://huggingface.co/sentence-transformers/all-MiniLM-L6-v2/resolve/main/config.json "HTTP/1.1 307 Temporary Redirect"
18:15:11 | INFO | HTTP Request: HEAD https://huggingface.co/api/resolve-cache/models/sentence-transformers/all-MiniLM-L6-v2/c9745ed1d9f207416be6d2e6f8de32d1f16199bf/config.json "HTTP/1.1 200 OK"
18:15:12 | INFO | HTTP Request: HEAD https://huggingface.co/sentence-transformers/all-MiniLM-L6-v2/resolve/main/model.safetensors "HTTP/1.1 302 Found"
18:15:12 | INFO | HTTP Request: GET https://huggingface.co/api/models/sentence-transformers/all-MiniLM-L6-v2/xet-read-token/c9745ed1d9f207416be6d2e6f8de32d1f16199bf "HTTP/1.1 200 OK"
18:15:14 | INFO | HTTP Request: HEAD https://huggingface.co/sentence-transformers/all-MiniLM-L6-v2/resolve/main/processor_config.json "HTTP/1.1 404 Not Found"
18:15:14 | INFO | HTTP Request: HEAD https://huggingface.co/sentence-transformers/all-MiniLM-L6-v2/resolve/main/preprocessor_config.json "HTTP/1.1 404 Not Found"
18:15:14 | INFO | HTTP Request: HEAD https://huggingface.co/sentence-transformers/all-MiniLM-L6-v2/resolve/main/video_preprocessor_config.json "HTTP/1.1 404 Not Found"
18:15:14 | INFO | HTTP Request: HEAD https://huggingface.co/sentence-transformers/all-MiniLM-L6-v2/resolve/main/preprocessor_config.json "HTTP/1.1 404 Not Found"
18:15:14 | INFO | HTTP Request: HEAD https://huggingface.co/sentence-transformers/all-MiniLM-L6-v2/resolve/main/tokenizer_config.json "HTTP/1.1 307 Temporary Redirect"
18:15:14 | INFO | HTTP Request: HEAD https://huggingface.co/api/resolve-cache/models/sentence-transformers/all-MiniLM-L6-v2/c9745ed1d9f207416be6d2e6f8de32d1f16199bf/tokenizer_config.json "HTTP/1.1 200 OK"
18:15:14 | INFO | HTTP Request: GET https://huggingface.co/api/resolve-cache/models/sentence-transformers/all-MiniLM-L6-v2/c9745ed1d9f207416be6d2e6f8de32d1f16199bf/tokenizer_config.json "HTTP/1.1 200 OK"
18:15:14 | INFO | HTTP Request: HEAD https://huggingface.co/sentence-transformers/all-MiniLM-L6-v2/resolve/main/config.json "HTTP/1.1 307 Temporary Redirect"
18:15:14 | INFO | HTTP Request: HEAD https://huggingface.co/api/resolve-cache/models/sentence-transformers/all-MiniLM-L6-v2/c9745ed1d9f207416be6d2e6f8de32d1f16199bf/config.json "HTTP/1.1 200 OK"
18:15:14 | INFO | HTTP Request: HEAD https://huggingface.co/sentence-transformers/all-MiniLM-L6-v2/resolve/main/config.json "HTTP/1.1 307 Temporary Redirect"
18:15:14 | INFO | HTTP Request: HEAD https://huggingface.co/api/resolve-cache/models/sentence-transformers/all-MiniLM-L6-v2/c9745ed1d9f207416be6d2e6f8de32d1f16199bf/config.json "HTTP/1.1 200 OK"
18:15:14 | INFO | HTTP Request: HEAD https://huggingface.co/sentence-transformers/all-MiniLM-L6-v2/resolve/main/tokenizer_config.json "HTTP/1.1 307 Temporary Redirect"
18:15:14 | INFO | HTTP Request: HEAD https://huggingface.co/api/resolve-cache/models/sentence-transformers/all-MiniLM-L6-v2/c9745ed1d9f207416be6d2e6f8de32d1f16199bf/tokenizer_config.json "HTTP/1.1 200 OK"
18:15:14 | INFO | HTTP Request: GET https://huggingface.co/api/models/sentence-transformers/all-MiniLM-L6-v2/tree/main/additional_chat_templates?recursive=false&expand=false "HTTP/1.1 404 Not Found"
18:15:14 | INFO | HTTP Request: GET https://huggingface.co/api/models/sentence-transformers/all-MiniLM-L6-v2/tree/main?recursive=true&expand=false "HTTP/1.1 200 OK"
18:15:15 | INFO | HTTP Request: HEAD https://huggingface.co/sentence-transformers/all-MiniLM-L6-v2/resolve/main/vocab.txt "HTTP/1.1 307 Temporary Redirect"
18:15:15 | INFO | HTTP Request: HEAD https://huggingface.co/api/resolve-cache/models/sentence-transformers/all-MiniLM-L6-v2/c9745ed1d9f207416be6d2e6f8de32d1f16199bf/vocab.txt "HTTP/1.1 200 OK"
18:15:15 | INFO | HTTP Request: GET https://huggingface.co/api/resolve-cache/models/sentence-transformers/all-MiniLM-L6-v2/c9745ed1d9f207416be6d2e6f8de32d1f16199bf/vocab.txt "HTTP/1.1 200 OK"
18:15:15 | INFO | HTTP Request: HEAD https://huggingface.co/sentence-transformers/all-MiniLM-L6-v2/resolve/main/tokenizer.json "HTTP/1.1 307 Temporary Redirect"
18:15:15 | INFO | HTTP Request: HEAD https://huggingface.co/api/resolve-cache/models/sentence-transformers/all-MiniLM-L6-v2/c9745ed1d9f207416be6d2e6f8de32d1f16199bf/tokenizer.json "HTTP/1.1 200 OK"
18:15:15 | INFO | HTTP Request: GET https://huggingface.co/api/resolve-cache/models/sentence-transformers/all-MiniLM-L6-v2/c9745ed1d9f207416be6d2e6f8de32d1f16199bf/tokenizer.json "HTTP/1.1 200 OK"
18:15:15 | INFO | HTTP Request: HEAD https://huggingface.co/sentence-transformers/all-MiniLM-L6-v2/resolve/main/added_tokens.json "HTTP/1.1 404 Not Found"
18:15:15 | INFO | HTTP Request: HEAD https://huggingface.co/sentence-transformers/all-MiniLM-L6-v2/resolve/main/special_tokens_map.json "HTTP/1.1 307 Temporary Redirect"
18:15:15 | INFO | HTTP Request: HEAD https://huggingface.co/api/resolve-cache/models/sentence-transformers/all-MiniLM-L6-v2/c9745ed1d9f207416be6d2e6f8de32d1f16199bf/special_tokens_map.json "HTTP/1.1 200 OK"
18:15:15 | INFO | HTTP Request: GET https://huggingface.co/api/resolve-cache/models/sentence-transformers/all-MiniLM-L6-v2/c9745ed1d9f207416be6d2e6f8de32d1f16199bf/special_tokens_map.json "HTTP/1.1 200 OK"
18:15:15 | INFO | HTTP Request: HEAD https://huggingface.co/sentence-transformers/all-MiniLM-L6-v2/resolve/main/chat_template.jinja "HTTP/1.1 404 Not Found"
18:15:15 | INFO | HTTP Request: HEAD https://huggingface.co/sentence-transformers/all-MiniLM-L6-v2/resolve/main/1_Pooling/config.json "HTTP/1.1 307 Temporary Redirect"
18:15:15 | INFO | HTTP Request: HEAD https://huggingface.co/api/resolve-cache/models/sentence-transformers/all-MiniLM-L6-v2/c9745ed1d9f207416be6d2e6f8de32d1f16199bf/1_Pooling%2Fconfig.json "HTTP/1.1 200 OK"
18:15:15 | INFO | HTTP Request: GET https://huggingface.co/api/resolve-cache/models/sentence-transformers/all-MiniLM-L6-v2/c9745ed1d9f207416be6d2e6f8de32d1f16199bf/1_Pooling%2Fconfig.json "HTTP/1.1 200 OK"
18:15:15 | INFO | HTTP Request: GET https://huggingface.co/api/models/sentence-transformers/all-MiniLM-L6-v2 "HTTP/1.1 200 OK"
18:15:16 | INFO | Encoding start | phase=shadow members | texts=750
18:15:18 | INFO | Encoding finished | phase=shadow members | texts=750
18:15:18 | INFO | Encoding start | phase=shadow non-members | texts=750
18:15:20 | INFO | Encoding finished | phase=shadow non-members | texts=750
18:15:20 | INFO | Encoding start | phase=target members | texts=1750
18:15:24 | INFO | Encoding finished | phase=target members | texts=1750
18:15:24 | INFO | Encoding start | phase=target non-members | texts=1750
18:15:29 | INFO | Encoding finished | phase=target non-members | texts=1750
18:15:29 | INFO | Encoding start | phase=clean reference corpus | texts=5000
18:15:42 | INFO | Encoding finished | phase=clean reference corpus | texts=5000
18:15:42 | INFO | LiRA shadow training starting | shadow_models=16
18:15:43 | INFO | LiRA shadow training finished | shadow_models=16
18:15:43 | INFO | k-NN distance-ratio MIA fitting starting | k=5
18:15:43 | INFO | k-NN distance-ratio MIA fitting finished | k=5
18:15:43 | INFO | Using default tokenizer.
18:15:43 | INFO | Fitting linear probe inversion attack on clean corpus
18:15:43 | INFO | Using default tokenizer.
18:15:44 | INFO | Linear probe fitting complete
18:15:44 | INFO | Loading BERTScore model (roberta-large) — one-time load, this may take a few minutes
18:15:44 | INFO | HTTP Request: HEAD https://huggingface.co/roberta-large/resolve/main/config.json "HTTP/1.1 200 OK"
18:15:44 | INFO | HTTP Request: GET https://huggingface.co/roberta-large/resolve/main/config.json "HTTP/1.1 200 OK"
18:15:44 | INFO | HTTP Request: HEAD https://huggingface.co/roberta-large/resolve/main/tokenizer_config.json "HTTP/1.1 200 OK"
18:15:44 | INFO | HTTP Request: GET https://huggingface.co/roberta-large/resolve/main/tokenizer_config.json "HTTP/1.1 200 OK"
18:15:44 | INFO | HTTP Request: GET https://huggingface.co/api/models/roberta-large/tree/main/additional_chat_templates?recursive=false&expand=false "HTTP/1.1 307 Temporary Redirect"
18:15:44 | INFO | HTTP Request: GET https://huggingface.co/api/models/FacebookAI/roberta-large/tree/main/additional_chat_templates?recursive=false&expand=false "HTTP/1.1 404 Not Found"
18:15:44 | INFO | HTTP Request: GET https://huggingface.co/api/models/roberta-large/tree/main?recursive=true&expand=false "HTTP/1.1 307 Temporary Redirect"
18:15:45 | INFO | HTTP Request: GET https://huggingface.co/api/models/FacebookAI/roberta-large/tree/main?recursive=true&expand=false "HTTP/1.1 200 OK"
18:15:45 | INFO | HTTP Request: HEAD https://huggingface.co/roberta-large/resolve/main/vocab.json "HTTP/1.1 200 OK"
18:15:45 | INFO | HTTP Request: GET https://huggingface.co/roberta-large/resolve/main/vocab.json "HTTP/1.1 200 OK"
18:15:45 | INFO | HTTP Request: HEAD https://huggingface.co/roberta-large/resolve/main/merges.txt "HTTP/1.1 200 OK"
18:15:45 | INFO | HTTP Request: GET https://huggingface.co/roberta-large/resolve/main/merges.txt "HTTP/1.1 200 OK"
18:15:45 | INFO | HTTP Request: HEAD https://huggingface.co/roberta-large/resolve/main/tokenizer.json "HTTP/1.1 200 OK"
18:15:45 | INFO | HTTP Request: GET https://huggingface.co/roberta-large/resolve/main/tokenizer.json "HTTP/1.1 200 OK"
18:15:46 | INFO | HTTP Request: HEAD https://huggingface.co/roberta-large/resolve/main/added_tokens.json "HTTP/1.1 404 Not Found"
18:15:46 | INFO | HTTP Request: HEAD https://huggingface.co/roberta-large/resolve/main/special_tokens_map.json "HTTP/1.1 404 Not Found"
18:15:46 | INFO | HTTP Request: HEAD https://huggingface.co/roberta-large/resolve/main/chat_template.jinja "HTTP/1.1 404 Not Found"
18:15:46 | INFO | HTTP Request: HEAD https://huggingface.co/roberta-large/resolve/main/config.json "HTTP/1.1 200 OK"
18:15:46 | INFO | HTTP Request: HEAD https://huggingface.co/roberta-large/resolve/main/adapter_config.json "HTTP/1.1 404 Not Found"
18:15:46 | INFO | HTTP Request: HEAD https://huggingface.co/roberta-large/resolve/main/config.json "HTTP/1.1 200 OK"
18:15:46 | INFO | HTTP Request: HEAD https://huggingface.co/roberta-large/resolve/main/model.safetensors "HTTP/1.1 302 Found"
18:15:46 | INFO | HTTP Request: GET https://huggingface.co/api/models/FacebookAI/roberta-large/xet-read-token/722cf37b1afa9454edce342e7895e588b6ff1d59 "HTTP/1.1 200 OK"
18:15:55 | INFO | Baseline evaluation starting
18:16:52 | INFO | BERTScore starting — this may take several minutes on CPU | Baseline
18:19:35 | INFO | BERTScore finished | Baseline
18:19:35 | INFO | Baseline evaluation finished
18:19:35 | INFO | Starting DP realization | run=1/5
18:19:35 | INFO | Evaluation starting | run_id=0 | epsilon=0.1 | mechanism=Central
18:20:28 | INFO | BERTScore starting — this may take several minutes on CPU | run_id=0 epsilon=0.1 mechanism=Central
18:23:51 | INFO | BERTScore finished | run_id=0 epsilon=0.1 mechanism=Central
18:23:51 | INFO | Evaluation finished | run_id=0 | epsilon=0.1 | mechanism=Central
18:23:51 | INFO | Evaluation starting | run_id=0 | epsilon=0.1 | mechanism=Local
18:24:44 | INFO | BERTScore starting — this may take several minutes on CPU | run_id=0 epsilon=0.1 mechanism=Local
18:27:47 | INFO | BERTScore finished | run_id=0 epsilon=0.1 mechanism=Local
18:27:47 | INFO | Evaluation finished | run_id=0 | epsilon=0.1 | mechanism=Local
18:27:47 | INFO | Evaluation starting | run_id=0 | epsilon=0.1 | mechanism=Metric
18:28:53 | INFO | BERTScore starting — this may take several minutes on CPU | run_id=0 epsilon=0.1 mechanism=Metric
18:32:18 | INFO | BERTScore finished | run_id=0 epsilon=0.1 mechanism=Metric
18:32:18 | INFO | Evaluation finished | run_id=0 | epsilon=0.1 | mechanism=Metric
18:32:18 | INFO | Evaluation starting | run_id=0 | epsilon=1.0 | mechanism=Central
18:33:11 | INFO | BERTScore starting — this may take several minutes on CPU | run_id=0 epsilon=1.0 mechanism=Central
18:36:36 | INFO | BERTScore finished | run_id=0 epsilon=1.0 mechanism=Central
18:36:36 | INFO | Evaluation finished | run_id=0 | epsilon=1.0 | mechanism=Central
18:36:36 | INFO | Evaluation starting | run_id=0 | epsilon=1.0 | mechanism=Local
18:37:29 | INFO | BERTScore starting — this may take several minutes on CPU | run_id=0 epsilon=1.0 mechanism=Local
18:40:32 | INFO | BERTScore finished | run_id=0 epsilon=1.0 mechanism=Local
18:40:32 | INFO | Evaluation finished | run_id=0 | epsilon=1.0 | mechanism=Local
18:40:32 | INFO | Evaluation starting | run_id=0 | epsilon=1.0 | mechanism=Metric
18:41:41 | INFO | BERTScore starting — this may take several minutes on CPU | run_id=0 epsilon=1.0 mechanism=Metric
18:45:05 | INFO | BERTScore finished | run_id=0 epsilon=1.0 mechanism=Metric
18:45:05 | INFO | Evaluation finished | run_id=0 | epsilon=1.0 | mechanism=Metric
18:45:05 | INFO | Evaluation starting | run_id=0 | epsilon=5.0 | mechanism=Central
18:45:58 | INFO | BERTScore starting — this may take several minutes on CPU | run_id=0 epsilon=5.0 mechanism=Central
18:49:20 | INFO | BERTScore finished | run_id=0 epsilon=5.0 mechanism=Central
18:49:20 | INFO | Evaluation finished | run_id=0 | epsilon=5.0 | mechanism=Central
18:49:20 | INFO | Evaluation starting | run_id=0 | epsilon=5.0 | mechanism=Local
18:50:14 | INFO | BERTScore starting — this may take several minutes on CPU | run_id=0 epsilon=5.0 mechanism=Local
18:53:20 | INFO | BERTScore finished | run_id=0 epsilon=5.0 mechanism=Local
18:53:20 | INFO | Evaluation finished | run_id=0 | epsilon=5.0 | mechanism=Local
18:53:20 | INFO | Evaluation starting | run_id=0 | epsilon=5.0 | mechanism=Metric
18:54:28 | INFO | BERTScore starting — this may take several minutes on CPU | run_id=0 epsilon=5.0 mechanism=Metric
18:57:40 | INFO | BERTScore finished | run_id=0 epsilon=5.0 mechanism=Metric
18:57:40 | INFO | Evaluation finished | run_id=0 | epsilon=5.0 | mechanism=Metric
18:57:40 | INFO | Evaluation starting | run_id=0 | epsilon=10.0 | mechanism=Central
18:58:34 | INFO | BERTScore starting — this may take several minutes on CPU | run_id=0 epsilon=10.0 mechanism=Central
19:01:58 | INFO | BERTScore finished | run_id=0 epsilon=10.0 mechanism=Central
19:01:58 | INFO | Evaluation finished | run_id=0 | epsilon=10.0 | mechanism=Central
19:01:58 | INFO | Evaluation starting | run_id=0 | epsilon=10.0 | mechanism=Local
19:02:50 | INFO | BERTScore starting — this may take several minutes on CPU | run_id=0 epsilon=10.0 mechanism=Local
19:05:53 | INFO | BERTScore finished | run_id=0 epsilon=10.0 mechanism=Local
19:05:53 | INFO | Evaluation finished | run_id=0 | epsilon=10.0 | mechanism=Local
19:05:53 | INFO | Evaluation starting | run_id=0 | epsilon=10.0 | mechanism=Metric
19:07:04 | INFO | BERTScore starting — this may take several minutes on CPU | run_id=0 epsilon=10.0 mechanism=Metric
19:09:57 | INFO | BERTScore finished | run_id=0 epsilon=10.0 mechanism=Metric
19:09:57 | INFO | Evaluation finished | run_id=0 | epsilon=10.0 | mechanism=Metric
19:09:57 | INFO | Starting DP realization | run=2/5
19:09:57 | INFO | Evaluation starting | run_id=1 | epsilon=0.1 | mechanism=Central
19:10:51 | INFO | BERTScore starting — this may take several minutes on CPU | run_id=1 epsilon=0.1 mechanism=Central
19:14:12 | INFO | BERTScore finished | run_id=1 epsilon=0.1 mechanism=Central
19:14:12 | INFO | Evaluation finished | run_id=1 | epsilon=0.1 | mechanism=Central
19:14:12 | INFO | Evaluation starting | run_id=1 | epsilon=0.1 | mechanism=Local
19:15:05 | INFO | BERTScore starting — this may take several minutes on CPU | run_id=1 epsilon=0.1 mechanism=Local
19:18:08 | INFO | BERTScore finished | run_id=1 epsilon=0.1 mechanism=Local
19:18:08 | INFO | Evaluation finished | run_id=1 | epsilon=0.1 | mechanism=Local
19:18:08 | INFO | Evaluation starting | run_id=1 | epsilon=0.1 | mechanism=Metric
19:19:17 | INFO | BERTScore starting — this may take several minutes on CPU | run_id=1 epsilon=0.1 mechanism=Metric
19:22:41 | INFO | BERTScore finished | run_id=1 epsilon=0.1 mechanism=Metric
19:22:41 | INFO | Evaluation finished | run_id=1 | epsilon=0.1 | mechanism=Metric
19:22:41 | INFO | Evaluation starting | run_id=1 | epsilon=1.0 | mechanism=Central
19:23:34 | INFO | BERTScore starting — this may take several minutes on CPU | run_id=1 epsilon=1.0 mechanism=Central
19:26:55 | INFO | BERTScore finished | run_id=1 epsilon=1.0 mechanism=Central
19:26:55 | INFO | Evaluation finished | run_id=1 | epsilon=1.0 | mechanism=Central
19:26:55 | INFO | Evaluation starting | run_id=1 | epsilon=1.0 | mechanism=Local
19:27:49 | INFO | BERTScore starting — this may take several minutes on CPU | run_id=1 epsilon=1.0 mechanism=Local
19:30:52 | INFO | BERTScore finished | run_id=1 epsilon=1.0 mechanism=Local
19:30:52 | INFO | Evaluation finished | run_id=1 | epsilon=1.0 | mechanism=Local
19:30:52 | INFO | Evaluation starting | run_id=1 | epsilon=1.0 | mechanism=Metric
19:32:00 | INFO | BERTScore starting — this may take several minutes on CPU | run_id=1 epsilon=1.0 mechanism=Metric
19:35:08 | INFO | BERTScore finished | run_id=1 epsilon=1.0 mechanism=Metric
19:35:08 | INFO | Evaluation finished | run_id=1 | epsilon=1.0 | mechanism=Metric
19:35:08 | INFO | Evaluation starting | run_id=1 | epsilon=5.0 | mechanism=Central
19:36:02 | INFO | BERTScore starting — this may take several minutes on CPU | run_id=1 epsilon=5.0 mechanism=Central
19:39:06 | INFO | BERTScore finished | run_id=1 epsilon=5.0 mechanism=Central
19:39:06 | INFO | Evaluation finished | run_id=1 | epsilon=5.0 | mechanism=Central
19:39:06 | INFO | Evaluation starting | run_id=1 | epsilon=5.0 | mechanism=Local
19:40:00 | INFO | BERTScore starting — this may take several minutes on CPU | run_id=1 epsilon=5.0 mechanism=Local
19:42:47 | INFO | BERTScore finished | run_id=1 epsilon=5.0 mechanism=Local
19:42:47 | INFO | Evaluation finished | run_id=1 | epsilon=5.0 | mechanism=Local
19:42:47 | INFO | Evaluation starting | run_id=1 | epsilon=5.0 | mechanism=Metric
19:43:59 | INFO | BERTScore starting — this may take several minutes on CPU | run_id=1 epsilon=5.0 mechanism=Metric
19:46:52 | INFO | BERTScore finished | run_id=1 epsilon=5.0 mechanism=Metric
19:46:52 | INFO | Evaluation finished | run_id=1 | epsilon=5.0 | mechanism=Metric
19:46:52 | INFO | Evaluation starting | run_id=1 | epsilon=10.0 | mechanism=Central
19:47:47 | INFO | BERTScore starting — this may take several minutes on CPU | run_id=1 epsilon=10.0 mechanism=Central
19:50:53 | INFO | BERTScore finished | run_id=1 epsilon=10.0 mechanism=Central
19:50:53 | INFO | Evaluation finished | run_id=1 | epsilon=10.0 | mechanism=Central
19:50:53 | INFO | Evaluation starting | run_id=1 | epsilon=10.0 | mechanism=Local
19:51:46 | INFO | BERTScore starting — this may take several minutes on CPU | run_id=1 epsilon=10.0 mechanism=Local
19:54:32 | INFO | BERTScore finished | run_id=1 epsilon=10.0 mechanism=Local
19:54:32 | INFO | Evaluation finished | run_id=1 | epsilon=10.0 | mechanism=Local
19:54:32 | INFO | Evaluation starting | run_id=1 | epsilon=10.0 | mechanism=Metric
19:55:42 | INFO | BERTScore starting — this may take several minutes on CPU | run_id=1 epsilon=10.0 mechanism=Metric
19:58:16 | INFO | BERTScore finished | run_id=1 epsilon=10.0 mechanism=Metric
19:58:16 | INFO | Evaluation finished | run_id=1 | epsilon=10.0 | mechanism=Metric
19:58:16 | INFO | Starting DP realization | run=3/5
19:58:16 | INFO | Evaluation starting | run_id=2 | epsilon=0.1 | mechanism=Central
19:59:10 | INFO | BERTScore starting — this may take several minutes on CPU | run_id=2 epsilon=0.1 mechanism=Central
20:02:13 | INFO | BERTScore finished | run_id=2 epsilon=0.1 mechanism=Central
20:02:13 | INFO | Evaluation finished | run_id=2 | epsilon=0.1 | mechanism=Central
20:02:13 | INFO | Evaluation starting | run_id=2 | epsilon=0.1 | mechanism=Local
20:03:06 | INFO | BERTScore starting — this may take several minutes on CPU | run_id=2 epsilon=0.1 mechanism=Local
20:05:51 | INFO | BERTScore finished | run_id=2 epsilon=0.1 mechanism=Local
20:05:51 | INFO | Evaluation finished | run_id=2 | epsilon=0.1 | mechanism=Local
20:05:51 | INFO | Evaluation starting | run_id=2 | epsilon=0.1 | mechanism=Metric
20:07:00 | INFO | BERTScore starting — this may take several minutes on CPU | run_id=2 epsilon=0.1 mechanism=Metric
20:10:03 | INFO | BERTScore finished | run_id=2 epsilon=0.1 mechanism=Metric
20:10:03 | INFO | Evaluation finished | run_id=2 | epsilon=0.1 | mechanism=Metric
20:10:03 | INFO | Evaluation starting | run_id=2 | epsilon=1.0 | mechanism=Central
20:10:58 | INFO | BERTScore starting — this may take several minutes on CPU | run_id=2 epsilon=1.0 mechanism=Central
20:14:00 | INFO | BERTScore finished | run_id=2 epsilon=1.0 mechanism=Central
20:14:00 | INFO | Evaluation finished | run_id=2 | epsilon=1.0 | mechanism=Central
20:14:00 | INFO | Evaluation starting | run_id=2 | epsilon=1.0 | mechanism=Local
20:14:53 | INFO | BERTScore starting — this may take several minutes on CPU | run_id=2 epsilon=1.0 mechanism=Local
20:17:40 | INFO | BERTScore finished | run_id=2 epsilon=1.0 mechanism=Local
20:17:40 | INFO | Evaluation finished | run_id=2 | epsilon=1.0 | mechanism=Local
20:17:40 | INFO | Evaluation starting | run_id=2 | epsilon=1.0 | mechanism=Metric
20:18:48 | INFO | BERTScore starting — this may take several minutes on CPU | run_id=2 epsilon=1.0 mechanism=Metric
20:21:50 | INFO | BERTScore finished | run_id=2 epsilon=1.0 mechanism=Metric
20:21:50 | INFO | Evaluation finished | run_id=2 | epsilon=1.0 | mechanism=Metric
20:21:50 | INFO | Evaluation starting | run_id=2 | epsilon=5.0 | mechanism=Central
20:22:45 | INFO | BERTScore starting — this may take several minutes on CPU | run_id=2 epsilon=5.0 mechanism=Central
20:25:49 | INFO | BERTScore finished | run_id=2 epsilon=5.0 mechanism=Central
20:25:49 | INFO | Evaluation finished | run_id=2 | epsilon=5.0 | mechanism=Central
20:25:49 | INFO | Evaluation starting | run_id=2 | epsilon=5.0 | mechanism=Local
20:26:41 | INFO | BERTScore starting — this may take several minutes on CPU | run_id=2 epsilon=5.0 mechanism=Local
20:29:28 | INFO | BERTScore finished | run_id=2 epsilon=5.0 mechanism=Local
20:29:28 | INFO | Evaluation finished | run_id=2 | epsilon=5.0 | mechanism=Local
20:29:28 | INFO | Evaluation starting | run_id=2 | epsilon=5.0 | mechanism=Metric
20:30:38 | INFO | BERTScore starting — this may take several minutes on CPU | run_id=2 epsilon=5.0 mechanism=Metric
20:33:30 | INFO | BERTScore finished | run_id=2 epsilon=5.0 mechanism=Metric
20:33:30 | INFO | Evaluation finished | run_id=2 | epsilon=5.0 | mechanism=Metric
20:33:30 | INFO | Evaluation starting | run_id=2 | epsilon=10.0 | mechanism=Central
20:34:24 | INFO | BERTScore starting — this may take several minutes on CPU | run_id=2 epsilon=10.0 mechanism=Central
20:37:26 | INFO | BERTScore finished | run_id=2 epsilon=10.0 mechanism=Central
20:37:26 | INFO | Evaluation finished | run_id=2 | epsilon=10.0 | mechanism=Central
20:37:26 | INFO | Evaluation starting | run_id=2 | epsilon=10.0 | mechanism=Local
20:38:19 | INFO | BERTScore starting — this may take several minutes on CPU | run_id=2 epsilon=10.0 mechanism=Local
20:41:04 | INFO | BERTScore finished | run_id=2 epsilon=10.0 mechanism=Local
20:41:04 | INFO | Evaluation finished | run_id=2 | epsilon=10.0 | mechanism=Local
20:41:04 | INFO | Evaluation starting | run_id=2 | epsilon=10.0 | mechanism=Metric
20:42:18 | INFO | BERTScore starting — this may take several minutes on CPU | run_id=2 epsilon=10.0 mechanism=Metric
20:44:54 | INFO | BERTScore finished | run_id=2 epsilon=10.0 mechanism=Metric
20:44:54 | INFO | Evaluation finished | run_id=2 | epsilon=10.0 | mechanism=Metric
20:44:54 | INFO | Starting DP realization | run=4/5
20:44:54 | INFO | Evaluation starting | run_id=3 | epsilon=0.1 | mechanism=Central
20:45:48 | INFO | BERTScore starting — this may take several minutes on CPU | run_id=3 epsilon=0.1 mechanism=Central
20:48:50 | INFO | BERTScore finished | run_id=3 epsilon=0.1 mechanism=Central
20:48:50 | INFO | Evaluation finished | run_id=3 | epsilon=0.1 | mechanism=Central
20:48:50 | INFO | Evaluation starting | run_id=3 | epsilon=0.1 | mechanism=Local
20:49:45 | INFO | BERTScore starting — this may take several minutes on CPU | run_id=3 epsilon=0.1 mechanism=Local
20:52:29 | INFO | BERTScore finished | run_id=3 epsilon=0.1 mechanism=Local
20:52:29 | INFO | Evaluation finished | run_id=3 | epsilon=0.1 | mechanism=Local
20:52:29 | INFO | Evaluation starting | run_id=3 | epsilon=0.1 | mechanism=Metric
20:53:41 | INFO | BERTScore starting — this may take several minutes on CPU | run_id=3 epsilon=0.1 mechanism=Metric
20:56:43 | INFO | BERTScore finished | run_id=3 epsilon=0.1 mechanism=Metric
20:56:43 | INFO | Evaluation finished | run_id=3 | epsilon=0.1 | mechanism=Metric
20:56:43 | INFO | Evaluation starting | run_id=3 | epsilon=1.0 | mechanism=Central
20:57:37 | INFO | BERTScore starting — this may take several minutes on CPU | run_id=3 epsilon=1.0 mechanism=Central
21:00:40 | INFO | BERTScore finished | run_id=3 epsilon=1.0 mechanism=Central
21:00:40 | INFO | Evaluation finished | run_id=3 | epsilon=1.0 | mechanism=Central
21:00:40 | INFO | Evaluation starting | run_id=3 | epsilon=1.0 | mechanism=Local
21:01:35 | INFO | BERTScore starting — this may take several minutes on CPU | run_id=3 epsilon=1.0 mechanism=Local
21:04:24 | INFO | BERTScore finished | run_id=3 epsilon=1.0 mechanism=Local
21:04:24 | INFO | Evaluation finished | run_id=3 | epsilon=1.0 | mechanism=Local
21:04:24 | INFO | Evaluation starting | run_id=3 | epsilon=1.0 | mechanism=Metric
21:05:33 | INFO | BERTScore starting — this may take several minutes on CPU | run_id=3 epsilon=1.0 mechanism=Metric
21:08:37 | INFO | BERTScore finished | run_id=3 epsilon=1.0 mechanism=Metric
21:08:37 | INFO | Evaluation finished | run_id=3 | epsilon=1.0 | mechanism=Metric
21:08:37 | INFO | Evaluation starting | run_id=3 | epsilon=5.0 | mechanism=Central
21:09:32 | INFO | BERTScore starting — this may take several minutes on CPU | run_id=3 epsilon=5.0 mechanism=Central
21:12:36 | INFO | BERTScore finished | run_id=3 epsilon=5.0 mechanism=Central
21:12:36 | INFO | Evaluation finished | run_id=3 | epsilon=5.0 | mechanism=Central
21:12:36 | INFO | Evaluation starting | run_id=3 | epsilon=5.0 | mechanism=Local
21:13:30 | INFO | BERTScore starting — this may take several minutes on CPU | run_id=3 epsilon=5.0 mechanism=Local
21:16:14 | INFO | BERTScore finished | run_id=3 epsilon=5.0 mechanism=Local
21:16:14 | INFO | Evaluation finished | run_id=3 | epsilon=5.0 | mechanism=Local
21:16:14 | INFO | Evaluation starting | run_id=3 | epsilon=5.0 | mechanism=Metric
21:17:25 | INFO | BERTScore starting — this may take several minutes on CPU | run_id=3 epsilon=5.0 mechanism=Metric
21:20:22 | INFO | BERTScore finished | run_id=3 epsilon=5.0 mechanism=Metric
21:20:22 | INFO | Evaluation finished | run_id=3 | epsilon=5.0 | mechanism=Metric
21:20:22 | INFO | Evaluation starting | run_id=3 | epsilon=10.0 | mechanism=Central
21:21:18 | INFO | BERTScore starting — this may take several minutes on CPU | run_id=3 epsilon=10.0 mechanism=Central
21:24:22 | INFO | BERTScore finished | run_id=3 epsilon=10.0 mechanism=Central
21:24:22 | INFO | Evaluation finished | run_id=3 | epsilon=10.0 | mechanism=Central
21:24:22 | INFO | Evaluation starting | run_id=3 | epsilon=10.0 | mechanism=Local
21:25:15 | INFO | BERTScore starting — this may take several minutes on CPU | run_id=3 epsilon=10.0 mechanism=Local
21:28:04 | INFO | BERTScore finished | run_id=3 epsilon=10.0 mechanism=Local
21:28:04 | INFO | Evaluation finished | run_id=3 | epsilon=10.0 | mechanism=Local
21:28:04 | INFO | Evaluation starting | run_id=3 | epsilon=10.0 | mechanism=Metric
21:29:16 | INFO | BERTScore starting — this may take several minutes on CPU | run_id=3 epsilon=10.0 mechanism=Metric
21:31:51 | INFO | BERTScore finished | run_id=3 epsilon=10.0 mechanism=Metric
21:31:51 | INFO | Evaluation finished | run_id=3 | epsilon=10.0 | mechanism=Metric
21:31:51 | INFO | Starting DP realization | run=5/5
21:31:51 | INFO | Evaluation starting | run_id=4 | epsilon=0.1 | mechanism=Central
21:32:44 | INFO | BERTScore starting — this may take several minutes on CPU | run_id=4 epsilon=0.1 mechanism=Central
21:35:56 | INFO | BERTScore finished | run_id=4 epsilon=0.1 mechanism=Central
21:35:56 | INFO | Evaluation finished | run_id=4 | epsilon=0.1 | mechanism=Central
21:35:56 | INFO | Evaluation starting | run_id=4 | epsilon=0.1 | mechanism=Local
21:36:50 | INFO | BERTScore starting — this may take several minutes on CPU | run_id=4 epsilon=0.1 mechanism=Local
21:39:53 | INFO | BERTScore finished | run_id=4 epsilon=0.1 mechanism=Local
21:39:53 | INFO | Evaluation finished | run_id=4 | epsilon=0.1 | mechanism=Local
21:39:53 | INFO | Evaluation starting | run_id=4 | epsilon=0.1 | mechanism=Metric
21:41:02 | INFO | BERTScore starting — this may take several minutes on CPU | run_id=4 epsilon=0.1 mechanism=Metric
21:44:27 | INFO | BERTScore finished | run_id=4 epsilon=0.1 mechanism=Metric
21:44:27 | INFO | Evaluation finished | run_id=4 | epsilon=0.1 | mechanism=Metric
21:44:27 | INFO | Evaluation starting | run_id=4 | epsilon=1.0 | mechanism=Central
21:45:19 | INFO | BERTScore starting — this may take several minutes on CPU | run_id=4 epsilon=1.0 mechanism=Central
21:48:40 | INFO | BERTScore finished | run_id=4 epsilon=1.0 mechanism=Central
21:48:40 | INFO | Evaluation finished | run_id=4 | epsilon=1.0 | mechanism=Central
21:48:40 | INFO | Evaluation starting | run_id=4 | epsilon=1.0 | mechanism=Local
21:49:36 | INFO | BERTScore starting — this may take several minutes on CPU | run_id=4 epsilon=1.0 mechanism=Local
21:52:39 | INFO | BERTScore finished | run_id=4 epsilon=1.0 mechanism=Local
21:52:39 | INFO | Evaluation finished | run_id=4 | epsilon=1.0 | mechanism=Local
21:52:39 | INFO | Evaluation starting | run_id=4 | epsilon=1.0 | mechanism=Metric
21:53:49 | INFO | BERTScore starting — this may take several minutes on CPU | run_id=4 epsilon=1.0 mechanism=Metric
21:57:13 | INFO | BERTScore finished | run_id=4 epsilon=1.0 mechanism=Metric
21:57:13 | INFO | Evaluation finished | run_id=4 | epsilon=1.0 | mechanism=Metric
21:57:13 | INFO | Evaluation starting | run_id=4 | epsilon=5.0 | mechanism=Central
21:58:10 | INFO | BERTScore starting — this may take several minutes on CPU | run_id=4 epsilon=5.0 mechanism=Central
22:01:33 | INFO | BERTScore finished | run_id=4 epsilon=5.0 mechanism=Central
22:01:33 | INFO | Evaluation finished | run_id=4 | epsilon=5.0 | mechanism=Central
22:01:33 | INFO | Evaluation starting | run_id=4 | epsilon=5.0 | mechanism=Local
22:02:26 | INFO | BERTScore starting — this may take several minutes on CPU | run_id=4 epsilon=5.0 mechanism=Local
22:05:30 | INFO | BERTScore finished | run_id=4 epsilon=5.0 mechanism=Local
22:05:30 | INFO | Evaluation finished | run_id=4 | epsilon=5.0 | mechanism=Local
22:05:30 | INFO | Evaluation starting | run_id=4 | epsilon=5.0 | mechanism=Metric
22:06:40 | INFO | BERTScore starting — this may take several minutes on CPU | run_id=4 epsilon=5.0 mechanism=Metric
22:09:52 | INFO | BERTScore finished | run_id=4 epsilon=5.0 mechanism=Metric
22:09:52 | INFO | Evaluation finished | run_id=4 | epsilon=5.0 | mechanism=Metric
22:09:52 | INFO | Evaluation starting | run_id=4 | epsilon=10.0 | mechanism=Central
22:10:46 | INFO | BERTScore starting — this may take several minutes on CPU | run_id=4 epsilon=10.0 mechanism=Central
22:14:09 | INFO | BERTScore finished | run_id=4 epsilon=10.0 mechanism=Central
22:14:09 | INFO | Evaluation finished | run_id=4 | epsilon=10.0 | mechanism=Central
22:14:09 | INFO | Evaluation starting | run_id=4 | epsilon=10.0 | mechanism=Local
22:15:03 | INFO | BERTScore starting — this may take several minutes on CPU | run_id=4 epsilon=10.0 mechanism=Local
22:18:06 | INFO | BERTScore finished | run_id=4 epsilon=10.0 mechanism=Local
22:18:06 | INFO | Evaluation finished | run_id=4 | epsilon=10.0 | mechanism=Local
22:18:06 | INFO | Evaluation starting | run_id=4 | epsilon=10.0 | mechanism=Metric
22:19:16 | INFO | BERTScore starting — this may take several minutes on CPU | run_id=4 epsilon=10.0 mechanism=Metric
22:22:09 | INFO | BERTScore finished | run_id=4 epsilon=10.0 mechanism=Metric
22:22:09 | INFO | Evaluation finished | run_id=4 | epsilon=10.0 | mechanism=Metric
22:22:09 | INFO | Results written | path=/content/med-rag-privacy-eval-sprint3-knn-ratio-all-dp/data/results.csv | rows=61
22:22:09 | INFO | Experiment script finished | elapsed=246m 59s
